Microchip MPLAB XC8 Compiler V2.32

Linker command line:

-W-3 --edf=C:\Program Files\Microchip\xc8\v2.32\pic\dat\en_msgs.txt -cn \
  -h+dist/default/production\DS1307.X.production.sym \
  --cmf=dist/default/production\DS1307.X.production.cmf -z -Q16F877A \
  -oC:\Users\Emertxe\AppData\Local\Temp\xcAs8sg.4 --defsym=__MPLAB_BUILD=1 \
  -Mdist/default/production/DS1307.X.production.map -E1 -ver=XC8 Compiler \
  --acfsm=1493 -ASTACK=0110h-016Fh -pstack=STACK -ACODE=00h-07FFhx4 \
  -ASTRCODE=00h-01FFFh -ASTRING=00h-0FFhx32 -ACONST=00h-0FFhx32 \
  -AENTRY=00h-0FFhx32 -ACOMMON=070h-07Fh -ABANK0=020h-06Fh \
  -ABANK1=0A0h-0EFh -ABANK2=0110h-016Fh -ABANK3=0190h-01EFh \
  -ARAM=020h-06Fh,0A0h-0EFh,0110h-016Fh,0190h-01EFh \
  -AABS1=020h-07Fh,0A0h-0EFh,0110h-016Fh,0190h-01EFh -ASFR0=00h-01Fh \
  -ASFR1=080h-09Fh -ASFR2=0100h-010Fh -ASFR3=0180h-018Fh \
  -ACONFIG=02007h-02007h -DCONFIG=2 -AIDLOC=02000h-02003h -DIDLOC=2 \
  -AEEDATA=00h-0FFh/02100h -peeprom_data=EEDATA -DEEDATA=2 -DCODE=2 \
  -DSTRCODE=2 -DSTRING=2 -DCONST=2 -DENTRY=2 \
  -preset_vec=00h,intentry,init,end_init -ppowerup=CODE -pcinit=CODE \
  -pfunctab=ENTRY -k C:\Users\Emertxe\AppData\Local\Temp\xcAs8sg.o \
  dist/default/production\DS1307.X.production.o 

Object code version is 3.11

Machine type is 16F877A



                Name                               Link     Load   Length Selector   Space Scale
C:\Users\Emertxe\AppData\Local\Temp\xcAs8sg.o
                end_init                              0        0        3        0       0
                config                             2007     2007        1        0       4
dist/default/production\DS1307.X.production.o
                cinit                               7FC      7FC        4      FF8       0
                config                             2007     2007        1        0       4
                text18                              698      698       36      D30       0
                text17                              637      637       2F      C6E       0
                text16                              731      731       65      E62       0
                text15                              53E      53E        D      A7C       0
                text14                              597      597       23      B2E       0
                text13                              50B      50B        9      A16       0
                text12                              514      514        9      A28       0
                text11                              51D      51D        B      A3A       0
                text10                              528      528        B      A50       0
                text9                               60A      60A       2D      C14       0
                text8                               5BA      5BA       27      B74       0
                text7                               6CE      6CE       63      D9C       0
                text6                               533      533        B      A66       0
                text5                               579      579       1E      AF2       0
                text4                               560      560       19      AC0       0
                text3                               796      796       66      F2C       0
                text2                               666      666       32      CCC       0
                text1                               5E1      5E1       29      BC2       0
                maintext                            54B      54B       15      A96       0
                cstackBANK0                          20       20        D       20       1
                cstackCOMMON                         70       70        E       70       1
                strings                               3        3       21        6       0

TOTAL           Name                               Link     Load   Length     Space
        CLASS   STACK          

        CLASS   CODE           
                end_init                              0        0        3         0
                cinit                               7FC      7FC        4         0
                text18                              698      698       36         0
                text17                              637      637       2F         0
                text16                              731      731       65         0
                text15                              53E      53E        D         0
                text14                              597      597       23         0
                text13                              50B      50B        9         0
                text12                              514      514        9         0
                text11                              51D      51D        B         0
                text10                              528      528        B         0
                text9                               60A      60A       2D         0
                text8                               5BA      5BA       27         0
                text7                               6CE      6CE       63         0
                text6                               533      533        B         0
                text5                               579      579       1E         0
                text4                               560      560       19         0
                text3                               796      796       66         0
                text2                               666      666       32         0
                text1                               5E1      5E1       29         0
                maintext                            54B      54B       15         0

        CLASS   STRCODE        

        CLASS   STRING         
                strings                               3        3       21         0

        CLASS   CONST          

        CLASS   ENTRY          

        CLASS   COMMON         
                cstackCOMMON                         70       70        E         1

        CLASS   BANK0          
                cstackBANK0                          20       20        D         1

        CLASS   BANK1          

        CLASS   BANK2          

        CLASS   BANK3          

        CLASS   RAM            

        CLASS   ABS1           
                abs_s1                               7E       7E        2         1

        CLASS   SFR0           

        CLASS   SFR1           

        CLASS   SFR2           

        CLASS   SFR3           

        CLASS   CONFIG         
                config                             2007     2007        1         4

        CLASS   IDLOC          

        CLASS   EEDATA         



SEGMENTS        Name                           Load    Length   Top    Selector   Space  Class     Delta

                reset_vec                      000000  000003  000003         0       0  CODE        2
                strings                        000003  000021  000024         6       0  STRING      2
                cstackBANK0                    000020  00000D  00002D        20       1  BANK0       1
                cstackCOMMON                   000070  00000E  00007E        70       1  COMMON      1
                text13                         00050B  000009  000514       A16       0  CODE        2
                text12                         000514  000009  00051D       A28       0  CODE        2
                text11                         00051D  00000B  000528       A3A       0  CODE        2
                text10                         000528  00000B  000533       A50       0  CODE        2
                text6                          000533  00000B  00053E       A66       0  CODE        2
                text15                         00053E  00000D  00054B       A7C       0  CODE        2
                maintext                       00054B  000015  000560       A96       0  CODE        2
                text4                          000560  000019  000579       AC0       0  CODE        2
                text5                          000579  00001E  000597       AF2       0  CODE        2
                text14                         000597  000023  0005BA       B2E       0  CODE        2
                text8                          0005BA  000027  0005E1       B74       0  CODE        2
                text1                          0005E1  000029  00060A       BC2       0  CODE        2
                text9                          00060A  00002D  000637       C14       0  CODE        2
                text17                         000637  00002F  000666       C6E       0  CODE        2
                text2                          000666  000032  000698       CCC       0  CODE        2
                text18                         000698  000036  0006CE       D30       0  CODE        2
                text7                          0006CE  000063  000731       D9C       0  CODE        2
                text16                         000731  000065  000796       E62       0  CODE        2
                text3                          000796  000066  0007FC       F2C       0  CODE        2
                cinit                          0007FC  000004  000800       FF8       0  CODE        2


UNUSED ADDRESS RANGES

        Name                Unused          Largest block    Delta
        BANK0            002D-006F             43           1
        BANK1            00A0-00EF             50           1
        BANK2            0110-016F             60           1
        BANK3            0190-01EF             60           1
        CODE             0024-050A            4E7           2
                         0800-1FFF            800
        CONST            0024-050A            100           2
                         0800-1FFF            100
        EEDATA           2100-21FF            100           2
        ENTRY            0024-050A            100           2
                         0800-1FFF            100
        IDLOC            2000-2003              4           2
        RAM              002D-006F             43           1
                         00A0-00EF             50
                         0110-016F             60
                         0190-01EF             60
        SFR0             0000-001F             20           1
        SFR1             0080-009F             20           1
        SFR2             0100-010F             10           1
        SFR3             0180-018F             10           1
        STACK            0110-016F             60           1
        STRCODE          0024-050A            4E7           2
                         0800-1FFF           1800
        STRING           0024-050A            100           2
                         0800-1FFF            100

                                  Symbol Table

?___lldiv                         cstackCOMMON 0070
_ACKDT                            (abs)        048D
_ACKEN                            (abs)        048C
_ACKSTAT                          (abs)        048E
_PEN                              (abs)        048A
_PORTD                            (abs)        0008
_RCEN                             (abs)        048B
_RE1                              (abs)        0049
_RE2                              (abs)        004A
_R_nW                             (abs)        04A2
_SEN                              (abs)        0488
_SSPADD                           (abs)        0093
_SSPBUF                           (abs)        0013
_SSPCON2                          (abs)        0091
_SSPEN                            (abs)        00A5
_SSPM3                            (abs)        00A3
_TRISD                            (abs)        0088
_TRISE1                           (abs)        0449
_TRISE2                           (abs)        044A
__Habs1                           abs1         0000
__Hbank0                          bank0        0000
__Hbank1                          bank1        0000
__Hbank2                          bank2        0000
__Hbank3                          bank3        0000
__Hcinit                          cinit        0800
__Hclrtext                        clrtext      0000
__Hcode                           code         0000
__Hcommon                         common       0000
__Hconfig                         config       2008
__HcstackBANK0                    cstackBANK0  0000
__HcstackCOMMON                   cstackCOMMON 0000
__Heeprom_data                    eeprom_data  0000
__Hend_init                       end_init     0003
__Hfunctab                        functab      0000
__Hinit                           init         0000
__Hintentry                       intentry     0000
__Hmaintext                       maintext     0000
__Hpowerup                        powerup      0000
__Hram                            ram          0000
__Hreset_vec                      reset_vec    0000
__Hsfr0                           sfr0         0000
__Hsfr1                           sfr1         0000
__Hsfr2                           sfr2         0000
__Hsfr3                           sfr3         0000
__Hspace_0                        (abs)        0800
__Hspace_1                        (abs)        007E
__Hspace_2                        (abs)        0000
__Hspace_3                        (abs)        0000
__Hspace_4                        (abs)        400F
__Hstack                          stack        0000
__Hstrings                        strings      0000
__Htext                           text         0000
__Labs1                           abs1         0000
__Lbank0                          bank0        0000
__Lbank1                          bank1        0000
__Lbank2                          bank2        0000
__Lbank3                          bank3        0000
__Lcinit                          cinit        07FC
__Lclrtext                        clrtext      0000
__Lcode                           code         0000
__Lcommon                         common       0000
__Lconfig                         config       0000
__LcstackBANK0                    cstackBANK0  0000
__LcstackCOMMON                   cstackCOMMON 0000
__Leeprom_data                    eeprom_data  0000
__Lend_init                       end_init     0000
__Lfunctab                        functab      0000
__Linit                           init         0000
__Lintentry                       intentry     0000
__Lmaintext                       maintext     0000
__Lpowerup                        powerup      0000
__Lram                            ram          0000
__Lreset_vec                      reset_vec    0000
__Lsfr0                           sfr0         0000
__Lsfr1                           sfr1         0000
__Lsfr2                           sfr2         0000
__Lsfr3                           sfr3         0000
__Lspace_0                        (abs)        0000
__Lspace_1                        (abs)        0000
__Lspace_2                        (abs)        0000
__Lspace_3                        (abs)        0000
__Lspace_4                        (abs)        0000
__Lstack                          stack        0000
__Lstrings                        strings      0000
__Ltext                           text         0000
__S0                              (abs)        0800
__S1                              (abs)        007E
__S2                              (abs)        0000
__S3                              (abs)        0000
___int_sp                         stack        0000
___latbits                        (abs)        0002
___lldiv                          text3        0796
___lldiv@counter                  cstackCOMMON 007D
___lldiv@dividend                 cstackCOMMON 0074
___lldiv@divisor                  cstackCOMMON 0070
___lldiv@quotient                 cstackCOMMON 0079
___sp                             stack        0000
___stackhi                        (abs)        0000
___stacklo                        (abs)        0000
__end_of___lldiv                  text3        07FC
__end_of__initialization          cinit        07FC
__end_of__stringtab               strings      0013
__end_of_clcd_print               text17       0666
__end_of_clcd_write               text18       06CE
__end_of_display_time             text16       0796
__end_of_get_time                 text8        05E1
__end_of_i2c_read                 text14       05BA
__end_of_i2c_rep_start            text11       0528
__end_of_i2c_start                text13       0514
__end_of_i2c_stop                 text12       051D
__end_of_i2c_wait_for_idle        text15       054B
__end_of_i2c_write                text10       0533
__end_of_init_clcd                text6        053E
__end_of_init_config              text1        060A
__end_of_init_display_controller  text7        0731
__end_of_init_ds1307              text4        0579
__end_of_init_i2c                 text2        0698
__end_of_main                     maintext     0560
__end_of_read_ds1307              text9        0637
__end_of_write_ds1307             text5        0597
__initialization                  cinit        07FC
__pcstackBANK0                    cstackBANK0  0020
__pcstackCOMMON                   cstackCOMMON 0070
__pmaintext                       maintext     054B
__pstrings                        strings      0003
__ptext1                          text1        05E1
__ptext10                         text10       0528
__ptext11                         text11       051D
__ptext12                         text12       0514
__ptext13                         text13       050B
__ptext14                         text14       0597
__ptext15                         text15       053E
__ptext16                         text16       0731
__ptext17                         text17       0637
__ptext18                         text18       0698
__ptext2                          text2        0666
__ptext3                          text3        0796
__ptext4                          text4        0560
__ptext5                          text5        0579
__ptext6                          text6        0533
__ptext7                          text7        06CE
__ptext8                          text8        05BA
__ptext9                          text9        060A
__size_of___lldiv                 (abs)        0000
__size_of_clcd_print              (abs)        0000
__size_of_clcd_write              (abs)        0000
__size_of_display_time            (abs)        0000
__size_of_get_time                (abs)        0000
__size_of_i2c_read                (abs)        0000
__size_of_i2c_rep_start           (abs)        0000
__size_of_i2c_start               (abs)        0000
__size_of_i2c_stop                (abs)        0000
__size_of_i2c_wait_for_idle       (abs)        0000
__size_of_i2c_write               (abs)        0000
__size_of_init_clcd               (abs)        0000
__size_of_init_config             (abs)        0000
__size_of_init_display_controller (abs)        0000
__size_of_init_ds1307             (abs)        0000
__size_of_init_i2c                (abs)        0000
__size_of_main                    (abs)        0000
__size_of_read_ds1307             (abs)        0000
__size_of_write_ds1307            (abs)        0000
__stringbase                      strings      0012
__stringtab                       strings      0003
_clcd_print                       text17       0637
_clcd_write                       text18       0698
_display_time                     text16       0731
_get_time                         text8        05BA
_i2c_read                         text14       0597
_i2c_rep_start                    text11       051D
_i2c_start                        text13       050B
_i2c_stop                         text12       0514
_i2c_wait_for_idle                text15       053E
_i2c_write                        text10       0528
_init_clcd                        text6        0533
_init_config                      text1        05E1
_init_display_controller          text7        06CE
_init_ds1307                      text4        0560
_init_i2c                         text2        0666
_main                             maintext     054B
_read_ds1307                      text9        060A
_write_ds1307                     text5        0579
btemp                             (abs)        007E
clcd_print@addr                   cstackCOMMON 0076
clcd_print@str                    cstackCOMMON 0074
clcd_write@byte                   cstackCOMMON 0073
clcd_write@mode                   cstackCOMMON 0070
display_time@clock_reg            cstackBANK0  0029
display_time@time                 cstackBANK0  0020
end_of_initialization             cinit        07FC
get_time@clock_reg                cstackCOMMON 0077
i2c_read@ack                      cstackCOMMON 0071
i2c_read@data                     cstackCOMMON 0072
i2c_write@data                    cstackCOMMON 0070
init_ds1307@dummy                 cstackCOMMON 0077
init_i2c@baud                     cstackBANK0  0020
intlevel0                         functab      0000
intlevel1                         functab      0000
intlevel2                         functab      0000
intlevel3                         functab      0000
intlevel4                         functab      0000
intlevel5                         functab      0000
main@clock_reg                    cstackBANK0  002A
read_ds1307@addr                  cstackCOMMON 0074
read_ds1307@data                  cstackCOMMON 0075
reset_vec                         reset_vec    0000
start                             init         0000
start_initialization              cinit        07FC
write_ds1307@addr                 cstackCOMMON 0072
write_ds1307@data                 cstackCOMMON 0071
wtemp0                            (abs)        007E


MODULE INFORMATION

Module		Function		Class		Link	Load	Size
i2c.c
		_i2c_start     		CODE           	050B	0000	9
		_i2c_rep_start 		CODE           	051D	0000	11
		_i2c_write     		CODE           	0528	0000	11
		_i2c_stop      		CODE           	0514	0000	9
		_i2c_read      		CODE           	0597	0000	35
		_init_i2c      		CODE           	0666	0000	50
		_i2c_wait_for_idle		CODE           	053E	0000	13

i2c.c estimated size: 138

ds1307.c
		_read_ds1307   		CODE           	060A	0000	45
		_write_ds1307  		CODE           	0579	0000	30
		_init_ds1307   		CODE           	0560	0000	25

ds1307.c estimated size: 100

shared
		__stringtab    		STRING         	0003	0000	16
		__initialization		CODE           	07FC	0000	1

shared estimated size: 17

clcd.c
		_clcd_write    		CODE           	0698	0000	54
		_clcd_print    		CODE           	0637	0000	47
		_init_display_controller		CODE           	06CE	0000	99
		_init_clcd     		CODE           	0533	0000	11

clcd.c estimated size: 211

main.c
		_display_time  		CODE           	0731	0000	101
		_main          		CODE           	054B	0000	21
		_get_time      		CODE           	05BA	0000	39
		_init_config   		CODE           	05E1	0000	41

main.c estimated size: 202

C:\Program Files\Microchip\xc8\v2.32\pic\sources\c90\common\__lldiv.c
		___lldiv       		CODE           	0796	0000	102

C:\Program Files\Microchip\xc8\v2.32\pic\sources\c90\common\__lldiv.c estimated size: 102

