Microchip MPLAB XC8 Compiler V2.41

Linker command line:

-W-3 \
  --edf=C:\Program Files\Microchip\xc8\v2.41\pic\dat\20230208172133_en.msgs \
  -cn -h+dist/default/production\InternalEEPROM.X.production.sym \
  --cmf=dist/default/production\InternalEEPROM.X.production.cmf -z \
  -Q16F877A -oC:\Users\GOD\AppData\Local\Temp\xcAsb0o.\driver_tmp_3.o \
  --defsym=__MPLAB_BUILD=1 --fixupoverflow=error \
  -Mdist/default/production/InternalEEPROM.X.production.map \
  --md=C:\Users\GOD\AppData\Local\Temp\xcAsb0o.\driver_tmp_0.dat -E1 \
  -ver=XC8 Compiler --acfsm=1493 -ACODE=00h-07FFhx4 -ASTRCODE=00h-01FFFh \
  -ASTRING=00h-0FFhx32 -ACONST=00h-0FFhx32 -AENTRY=00h-0FFhx32 \
  -ACOMMON=070h-07Fh -ABANK0=020h-06Fh -ABANK1=0A0h-0EFh \
  -ABANK2=0110h-016Fh -ABANK3=0190h-01EFh \
  -ARAM=020h-06Fh,0A0h-0EFh,0110h-016Fh,0190h-01EFh \
  -AABS1=020h-07Fh,0A0h-0EFh,0110h-016Fh,0190h-01EFh -ASFR0=00h-01Fh \
  -ASFR1=080h-09Fh -ASFR2=0100h-010Fh -ASFR3=0180h-018Fh \
  -ACONFIG=02007h-02007h -DCONFIG=2 -AIDLOC=02000h-02003h -DIDLOC=2 \
  -AEEDATA=00h-0FFh/02100h -peeprom_data=EEDATA -DEEDATA=2 -DCODE=2 \
  -DSTRCODE=2 -DSTRING=2 -DCONST=2 -DENTRY=2 \
  -preset_vec=00h,intentry,init,end_init -ppowerup=CODE -pcinit=CODE \
  -pfunctab=ENTRY -k \
  C:\Users\GOD\AppData\Local\Temp\xcAsb0o.\driver_tmp_18.o \
  dist/default/production\InternalEEPROM.X.production.o 

Object code version is 3.11

Machine type is 16F877A



                Name                               Link     Load   Length Selector   Space Scale
C:\Users\GOD\AppData\Local\Temp\xcAsb0o.\driver_tmp_18.o
                end_init                              0        0        3        0       0
                config                             2007     2007        1        0       4
                idloc                              2000     2000        4        0       5
dist/default/production\InternalEEPROM.X.production.o
                cinit                               7ED      7ED       13      FDA       0
                config                             2007     2007        1        0       4
                idloc                              2000     2000        4        0       5
                text10                              6D4      6D4       67      DA8       0
                text9                               67B      67B       59      CF6       0
                text8                               60B      60B       36      C16       0
                text7                               59D      59D       17      B3A       0
                text6                               5DE      5DE       2D      BBC       0
                text5                               641      641       3A      C82       0
                text4                               562      562        6      AC4       0
                text3                               57E      57E        C      AFC       0
                text2                               568      568        B      AD0       0
                text1                               5B4      5B4       2A      B68       0
                maintext                            73B      73B       B2      E76       0
                cstackBANK0                          20       20       14       20       1
                cstackCOMMON                         70       70        E       70       1
                inittext                            58A      58A       13      B14       0
                dataBANK0                            34       34        B       20       1
                bssBANK0                             3F       3F        1       20       1
                idataBANK0                          573      573        B      AE6       0

TOTAL           Name                               Link     Load   Length     Space
        CLASS   CODE           
                end_init                              0        0        3         0
                cinit                               7ED      7ED       13         0
                text10                              6D4      6D4       67         0
                text9                               67B      67B       59         0
                text8                               60B      60B       36         0
                text7                               59D      59D       17         0
                text6                               5DE      5DE       2D         0
                text5                               641      641       3A         0
                text4                               562      562        6         0
                text3                               57E      57E        C         0
                text2                               568      568        B         0
                text1                               5B4      5B4       2A         0
                maintext                            73B      73B       B2         0
                inittext                            58A      58A       13         0
                idataBANK0                          573      573        B         0

        CLASS   STRCODE        

        CLASS   STRING         

        CLASS   CONST          

        CLASS   ENTRY          

        CLASS   COMMON         
                cstackCOMMON                         70       70        E         1

        CLASS   BANK0          
                cstackBANK0                          20       20       14         1
                dataBANK0                            34       34        B         1
                bssBANK0                             3F       3F        1         1

        CLASS   BANK1          

        CLASS   BANK2          

        CLASS   BANK3          

        CLASS   RAM            

        CLASS   ABS1           
                abs_s1                               7E       7E        2         1

        CLASS   SFR0           

        CLASS   SFR1           

        CLASS   SFR2           

        CLASS   SFR3           

        CLASS   CONFIG         
                config                             2007     2007        1         4

        CLASS   IDLOC          
                idloc                              2000     2000        4         5

        CLASS   EEDATA         

        CLASS   STACK          



SEGMENTS        Name                           Load    Length   Top    Selector   Space  Class     Delta

                reset_vec                      000000  000003  000003         0       0  CODE        2
                cstackBANK0                    000020  000020  000040        20       1  BANK0       1
                cstackCOMMON                   000070  00000E  00007E        70       1  COMMON      1
                text4                          000562  000006  000568       AC4       0  CODE        2
                text2                          000568  00000B  000573       AD0       0  CODE        2
                idataBANK0                     000573  00000B  00057E       AE6       0  CODE        2
                text3                          00057E  00000C  00058A       AFC       0  CODE        2
                inittext                       00058A  000013  00059D       B14       0  CODE        2
                text7                          00059D  000017  0005B4       B3A       0  CODE        2
                text1                          0005B4  00002A  0005DE       B68       0  CODE        2
                text6                          0005DE  00002D  00060B       BBC       0  CODE        2
                text8                          00060B  000036  000641       C16       0  CODE        2
                text5                          000641  00003A  00067B       C82       0  CODE        2
                text9                          00067B  000059  0006D4       CF6       0  CODE        2
                text10                         0006D4  000067  00073B       DA8       0  CODE        2
                maintext                       00073B  0000B2  0007ED       E76       0  CODE        2
                cinit                          0007ED  000013  000800       FDA       0  CODE        2


UNUSED ADDRESS RANGES

        Name                Unused          Largest block    Delta
        BANK0            0040-006F             30           1
        BANK1            00A0-00EF             50           1
        BANK2            0110-016F             60           1
        BANK3            0190-01EF             60           1
        CODE             0003-0561            55F           2
                         0800-1FFF            800
        CONST            0003-0561            100           2
                         0800-1FFF            100
        EEDATA           2100-21FF            100           2
        ENTRY            0003-0561            100           2
                         0800-1FFF            100
        RAM              0040-006F             30           1
                         00A0-00EF             50
                         0110-016F             60
                         0190-01EF             60
        SFR0             0000-001F             20           1
        SFR1             0080-009F             20           1
        SFR2             0100-010F             10           1
        SFR3             0180-018F             10           1
        STRCODE          0003-0561            55F           2
                         0800-1FFF           1800
        STRING           0003-0561            100           2
                         0800-1FFF            100

                                  Symbol Table

?___awdiv                    cstackCOMMON 0070
?___awmod                    cstackCOMMON 0078
_EEADR                       (abs)        010D
_EECON1                      (abs)        018C
_EECON1bits                  (abs)        018C
_EECON2                      (abs)        018D
_EEDATA                      (abs)        010C
_INTCONbits                  (abs)        000B
_PORTA                       (abs)        0005
_PORTB                       (abs)        0006
_PORTD                       (abs)        0008
_STATUSbits                  (abs)        0003
_TRISA                       (abs)        0085
_TRISB                       (abs)        0086
_TRISD                       (abs)        0088
__H__absolute__              __absolute__ 0000
__Habs1                      abs1         0000
__Hbank0                     bank0        0000
__Hbank1                     bank1        0000
__Hbank2                     bank2        0000
__Hbank3                     bank3        0000
__HbssBANK0                  bssBANK0     0000
__Hcinit                     cinit        0800
__Hclrtext                   clrtext      0000
__Hcode                      code         0000
__Hcommon                    common       0000
__Hconfig                    config       2008
__HcstackBANK0               cstackBANK0  0000
__HcstackCOMMON              cstackCOMMON 0000
__HdataBANK0                 dataBANK0    0000
__Heeprom_data               eeprom_data  0000
__Hend_init                  end_init     0003
__Hfunctab                   functab      0000
__HidataBANK0                idataBANK0   0000
__Hidloc                     idloc        2004
__Hinit                      init         0000
__Hinittext                  inittext     0000
__Hintentry                  intentry     0000
__Hmaintext                  maintext     0000
__Hpowerup                   powerup      0000
__Hram                       ram          0000
__Hreset_vec                 reset_vec    0000
__Hsfr0                      sfr0         0000
__Hsfr1                      sfr1         0000
__Hsfr2                      sfr2         0000
__Hsfr3                      sfr3         0000
__Hspace_0                   (abs)        0800
__Hspace_1                   (abs)        007E
__Hspace_2                   (abs)        0000
__Hspace_3                   (abs)        0000
__Hspace_4                   (abs)        400F
__Hstack                     stack        0000
__Hstrings                   strings      0000
__Htext                      text         0000
__L__absolute__              __absolute__ 0000
__Labs1                      abs1         0000
__Lbank0                     bank0        0000
__Lbank1                     bank1        0000
__Lbank2                     bank2        0000
__Lbank3                     bank3        0000
__LbssBANK0                  bssBANK0     0000
__Lcinit                     cinit        07ED
__Lclrtext                   clrtext      0000
__Lcode                      code         0000
__Lcommon                    common       0000
__Lconfig                    config       0000
__LcstackBANK0               cstackBANK0  0000
__LcstackCOMMON              cstackCOMMON 0000
__LdataBANK0                 dataBANK0    0000
__Leeprom_data               eeprom_data  0000
__Lend_init                  end_init     0000
__Lfunctab                   functab      0000
__LidataBANK0                idataBANK0   0000
__Lidloc                     idloc        0000
__Linit                      init         0000
__Linittext                  inittext     0000
__Lintentry                  intentry     0000
__Lmaintext                  maintext     0000
__Lpowerup                   powerup      0000
__Lram                       ram          0000
__Lreset_vec                 reset_vec    0000
__Lsfr0                      sfr0         0000
__Lsfr1                      sfr1         0000
__Lsfr2                      sfr2         0000
__Lsfr3                      sfr3         0000
__Lspace_0                   (abs)        0000
__Lspace_1                   (abs)        0000
__Lspace_2                   (abs)        0000
__Lspace_3                   (abs)        0000
__Lspace_4                   (abs)        0000
__Lstack                     stack        0000
__Lstrings                   strings      0000
__Ltext                      text         0000
__S0                         (abs)        0800
__S1                         (abs)        007E
__S3                         (abs)        0000
___awdiv                     text10       06D4
___awdiv@counter             cstackCOMMON 0074
___awdiv@dividend            cstackCOMMON 0072
___awdiv@divisor             cstackCOMMON 0070
___awdiv@quotient            cstackCOMMON 0076
___awdiv@sign                cstackCOMMON 0075
___awmod                     text9        067B
___awmod@counter             cstackCOMMON 007C
___awmod@dividend            cstackCOMMON 007A
___awmod@divisor             cstackCOMMON 0078
___awmod@sign                cstackCOMMON 007D
___int_sp                    stack        0000
___latbits                   (abs)        0002
___sp                        stack        0000
___stackhi                   (abs)        0000
___stacklo                   (abs)        0000
__end_of___awdiv             text10       073B
__end_of___awmod             text9        06D4
__end_of__initialization     cinit        07FC
__end_of_display             text8        0641
__end_of_eeprom_read         text7        05B4
__end_of_eeprom_test         text5        067B
__end_of_eeprom_write        text6        060B
__end_of_init_config         text2        0573
__end_of_init_digital_keypad text4        0568
__end_of_init_ssd            text3        058A
__end_of_main                maintext     07ED
__end_of_read_digital_keypad text1        05DE
__initialization             cinit        07ED
__pbssBANK0                  bssBANK0     003F
__pcstackBANK0               cstackBANK0  0020
__pcstackCOMMON              cstackCOMMON 0070
__pdataBANK0                 dataBANK0    0034
__pidataBANK0                idataBANK0   0573
__pmaintext                  maintext     073B
__ptext1                     text1        05B4
__ptext10                    text10       06D4
__ptext2                     text2        0568
__ptext3                     text3        057E
__ptext4                     text4        0562
__ptext5                     text5        0641
__ptext6                     text6        05DE
__ptext7                     text7        059D
__ptext8                     text8        060B
__ptext9                     text9        067B
_display                     text8        060B
_eeprom_read                 text7        059D
_eeprom_test                 text5        0641
_eeprom_write                text6        05DE
_init_config                 text2        0568
_init_digital_keypad         text4        0562
_init_ssd                    text3        057E
_main                        maintext     073B
_read_digital_keypad         text1        05B4
btemp                        (abs)        007E
display@data                 cstackCOMMON 0073
display@digit                cstackCOMMON 0074
display@wait                 cstackCOMMON 0071
eeprom_read@addr             cstackCOMMON 0070
eeprom_test@count            bssBANK0     003F
eeprom_test@key              cstackCOMMON 0072
eeprom_write@addr            cstackCOMMON 0071
eeprom_write@value           cstackCOMMON 0070
end_of_initialization        cinit        07FC
init_fetch0                  inittext     058A
init_ram0                    inittext     058E
intlevel0                    functab      0000
intlevel1                    functab      0000
intlevel2                    functab      0000
intlevel3                    functab      0000
intlevel4                    functab      0000
intlevel5                    functab      0000
main@F864                    dataBANK0    0034
main@count                   cstackBANK0  0033
main@digits                  cstackBANK0  0024
main@key                     cstackBANK0  0032
main@ssd                     cstackBANK0  002E
read_digital_keypad@mode     cstackCOMMON 0071
read_digital_keypad@once     dataBANK0    003E
reset_vec                    reset_vec    0000
start                        init         0000
start_initialization         cinit        07ED
wtemp0                       (abs)        007E


MODULE INFORMATION

Module		Function		Class		Link	Load	Size
ssd.c
		_init_ssd      		CODE           	057E	0000	12
		_display       		CODE           	060B	0000	54

ssd.c estimated size: 66

digital_keypad.c
		_init_digital_keypad		CODE           	0562	0000	6
		_read_digital_keypad		CODE           	05B4	0000	42

digital_keypad.c estimated size: 48

C:\Program Files\Microchip\xc8\v2.41\pic\sources\c90\common\awdiv.c
		___awdiv       		CODE           	06D4	0000	103

C:\Program Files\Microchip\xc8\v2.41\pic\sources\c90\common\awdiv.c estimated size: 103

C:\Program Files\Microchip\xc8\v2.41\pic\sources\c90\pic\__eeread.c
		_eeprom_read   		CODE           	059D	0000	23

C:\Program Files\Microchip\xc8\v2.41\pic\sources\c90\pic\__eeread.c estimated size: 23

C:\Program Files\Microchip\xc8\v2.41\pic\sources\c90\pic\__eewrite.c
		_eeprom_write  		CODE           	05DE	0000	45

C:\Program Files\Microchip\xc8\v2.41\pic\sources\c90\pic\__eewrite.c estimated size: 45

shared
		__initialization		CODE           	07ED	0000	15

shared estimated size: 15

C:\Program Files\Microchip\xc8\v2.41\pic\sources\c90\common\awmod.c
		___awmod       		CODE           	067B	0000	89

C:\Program Files\Microchip\xc8\v2.41\pic\sources\c90\common\awmod.c estimated size: 89

main.c
		_main          		CODE           	073B	0000	178
		_init_config   		CODE           	0568	0000	11
		_eeprom_test   		CODE           	0641	0000	58

main.c estimated size: 247

